---
source: rumbas_support_derive/tests/normal_struct.rs
expression: "&example"

---
field1: "template:template_key"
field2: "template:template_key"

