---
source: rumbas/src/question/custom_part_type.rs
expression: "&example"

---
type_name: ~
description: ~
settings: ~
can_be_gap: ~
can_be_step: ~
marking_notes: ~
help_url: ~
published: ~
extensions:
  chemistry: ~
  download_text_file: ~
  eukleides: ~
  geogebra: ~
  graphs: ~
  jsx_graph: ~
  linear_algebra: ~
  linear_codes: ~
  optimisation: ~
  permutations: ~
  polynomials: ~
  quantities: ~
  random_person: ~
  stats: ~
  sqlite: ~
  text: ~
  written_number: ~
input_widget:
  type: radiogroup
  hint:
    value:
      content:
        nonjmetext§: "template:template_key"
      placeholders:
        placeholder1:
          content:
            en: en value of placeholder1
            nl: nl value of placeholder1
          placeholders: {}
        placeholder2:
          content:
            en: en version of placeholder2
            nl: nl version of placeholder2
          placeholders: {}
    static: "template:template_key"
  correct_answer:
    content:
      nonjmetext§: "template:template_key"
    placeholders:
      placeholder1:
        content:
          en: en value of placeholder1
          nl: nl value of placeholder1
        placeholders: {}
      placeholder2:
        content:
          en: en version of placeholder2
          nl: nl version of placeholder2
        placeholders: {}
  choices:
    value: "template:template_key"
    static: "template:template_key"

