---
source: rumbas/src/question/variable.rs
expression: "&example"

---
definition: "template:template_key"
description: other text
template_type: list_of_numbers
group: other text

