---
source: rumbas/src/question/variable.rs
expression: "&example"

---
other text

