---
source: rumbas/src/question/mod.rs
expression: "&example"

---
statement:
  content:
    nonjmetext§: "template:template_key"
  placeholders:
    placeholder1:
      content:
        en: en value of placeholder1
        nl: nl value of placeholder1
      placeholders: {}
    placeholder2:
      content:
        en: en version of placeholder2
        nl: nl version of placeholder2
      placeholders: {}
advice:
  content:
    nonjmetext§: "template:template_key"
  placeholders:
    placeholder1:
      content:
        en: en value of placeholder1
        nl: nl value of placeholder1
      placeholders: {}
    placeholder2:
      content:
        en: en version of placeholder2
        nl: nl version of placeholder2
      placeholders: {}
parts: "template:template_key"
builtin_constants:
  e: false
  pi: false
  i: false
custom_constants: "template:template_key"
variables:
  nonjmetext§:
    definition: "file:path/to/file"
    description: nonjmetext§
    template_type: ~
    group: nonjmetext§
variables_test:
  condition: x^5
  max_runs: 2
functions:
  nonjmetext§:
    definition: "file:path/to/file"
    language: jme
    output_type: expression
    parameters:
      - - nonjmetext§
        - boolean
      - - "template:template_key"
        - decimal
      - - ~
        - dictionary
      - - nonjmetext§
        - expression
      - - "template:template_key"
        - html
      - - ~
        - integer
      - - nonjmetext§
        - key_pair
      - - "template:template_key"
        - list
      - - ~
        - matrix
      - - nonjmetext§
        - nothing
      - - "template:template_key"
        - number
      - - ~
        - range
      - - nonjmetext§
        - rational
      - - "template:template_key"
        - set
      - - ~
        - string
      - - nonjmetext§
        - vector
      - - "template:template_key"
        - extension_geogebra_applet
      - - ~
        - "template:template_key"
      - - nonjmetext§
        - ~
      - "template:template_key"
preamble:
  js: "file:path/to/file"
  css: "file:path/to/file"
navigation:
  can_regenerate: false
  show_title_page: false
  confirm_when_leaving: false
extensions:
  chemistry: false
  download_text_file: false
  eukleides: false
  geogebra: false
  graphs: false
  jsx_graph: false
  linear_algebra: false
  linear_codes: false
  optimisation: false
  permutations: false
  polynomials: false
  quantities: false
  random_person: false
  stats: false
  sqlite: false
  text: false
  written_number: false
diagnostic_topic_names: "template:template_key"
resources: "template:template_key"
custom_part_types: ~

