---
source: rumbas/src/question/custom_part_type.rs
expression: "&example"

---
type_name:
  content: "file:path/to/file"
  placeholders:
    placeholder1:
      content:
        en: en value of placeholder1
        nl: nl value of placeholder1
      placeholders: {}
    placeholder2:
      content:
        en: en version of placeholder2
        nl: nl version of placeholder2
      placeholders: {}
description:
  content: "file:path/to/file"
  placeholders:
    placeholder1:
      content:
        en: en value of placeholder1
        nl: nl value of placeholder1
      placeholders: {}
    placeholder2:
      content:
        en: en version of placeholder2
        nl: nl version of placeholder2
      placeholders: {}
settings: ~
can_be_gap: ~
can_be_step: ~
marking_notes: ~
help_url:
  content: "file:path/to/file"
  placeholders:
    placeholder1:
      content:
        en: en value of placeholder1
        nl: nl value of placeholder1
      placeholders: {}
    placeholder2:
      content:
        en: en version of placeholder2
        nl: nl version of placeholder2
      placeholders: {}
published: ~
extensions:
  chemistry: ~
  download_text_file: ~
  eukleides: ~
  geogebra: ~
  graphs: ~
  jsx_graph: ~
  linear_algebra: ~
  linear_codes: ~
  optimisation: ~
  permutations: ~
  polynomials: ~
  quantities: ~
  random_person: ~
  stats: ~
  sqlite: ~
  text: ~
  written_number: ~
input_widget:
  type: string
  hint:
    value:
      content: "file:path/to/file"
      placeholders:
        placeholder1:
          content:
            en: en value of placeholder1
            nl: nl value of placeholder1
          placeholders: {}
        placeholder2:
          content:
            en: en version of placeholder2
            nl: nl version of placeholder2
          placeholders: {}
    static: ~
  correct_answer:
    content: "file:path/to/file"
    placeholders:
      placeholder1:
        content:
          en: en value of placeholder1
          nl: nl value of placeholder1
        placeholders: {}
      placeholder2:
        content:
          en: en version of placeholder2
          nl: nl version of placeholder2
        placeholders: {}
  allow_empty:
    value: ~
    static: ~

