---
source: rumbas/src/question/variable.rs
expression: "&example"

---
"1 .. 1#-0.1"

