---
source: rumbas/src/question/constants.rs
expression: "&example"

---
e: ~
pi: ~
i: ~

