---
source: rumbas/src/question/custom_part_type.rs
expression: "&example"

---
type_name: "template:template_key"
description: "template:template_key"
settings: "template:template_key"
can_be_gap: "template:template_key"
can_be_step: "template:template_key"
marking_notes: "template:template_key"
help_url: "template:template_key"
published: "template:template_key"
extensions:
  chemistry: ~
  download_text_file: ~
  eukleides: ~
  geogebra: ~
  graphs: ~
  jsx_graph: ~
  linear_algebra: ~
  linear_codes: ~
  optimisation: ~
  permutations: ~
  polynomials: ~
  quantities: ~
  random_person: ~
  stats: ~
  sqlite: ~
  text: ~
  written_number: ~
input_widget:
  type: radiogroup
  hint: "template:template_key"
  correct_answer:
    content:
      nonjmetextÂ§: "file:path/to/file"
    placeholders:
      placeholder1:
        content:
          en: en value of placeholder1
          nl: nl value of placeholder1
        placeholders: {}
      placeholder2:
        content:
          en: en version of placeholder2
          nl: nl version of placeholder2
        placeholders: {}
  choices:
    value: "template:template_key"
    static: "template:template_key"

