---
source: rumbas/src/question/mod.rs
expression: "&example"

---
statement:
  content: "file:path/to/file"
  placeholders:
    placeholder1:
      content:
        en: en value of placeholder1
        nl: nl value of placeholder1
      placeholders: {}
    placeholder2:
      content:
        en: en version of placeholder2
        nl: nl version of placeholder2
      placeholders: {}
advice:
  content: "file:path/to/file"
  placeholders:
    placeholder1:
      content:
        en: en value of placeholder1
        nl: nl value of placeholder1
      placeholders: {}
    placeholder2:
      content:
        en: en version of placeholder2
        nl: nl version of placeholder2
      placeholders: {}
parts: ~
builtin_constants: ~
custom_constants: ~
variables:
  nonjmetext§:
    content: "file:path/to/file"
    placeholders:
      placeholder1:
        content:
          en: en value of placeholder1
          nl: nl value of placeholder1
        placeholders: {}
      placeholder2:
        content:
          en: en version of placeholder2
          nl: nl version of placeholder2
        placeholders: {}
variables_test: ~
functions:
  nonjmetext§:
    definition: "template:template_key"
    language: jme
    output_type: string
    parameters: ~
preamble: ~
navigation: ~
extensions: ~
diagnostic_topic_names: ~
resources: ~
custom_part_types: ~

