---
source: rumbas/src/question/variable.rs
expression: "&example"

---
"random(1 .. 1#-0.1)"

