---
source: rumbas/src/question/variable.rs
expression: "&example"

---
definition: "example plain string with placeholders {placeholder1} and {placeholder2}."
description: text
template_type: long_string
group: text

