---
source: rumbas/src/question/constants.rs
expression: "&example"

---
name: ~
value: x^5
tex: ~

