---
source: rumbas/src/question/mod.rs
expression: "&example"
---
statement: "template:template_key"
advice: "template:template_key"
parts: "template:template_key"
builtin_constants:
  e: "template:template_key"
  pi: "template:template_key"
  i: "template:template_key"
custom_constants: "template:template_key"
variables:
  nonjmetext§:
    definition: "file:path/to/file"
    description: nonjmetext§
    template_type: anything
    group: nonjmetext§
variables_test:
  condition: "template:template_key"
  max_runs: "template:template_key"
functions:
  nonjmetext§:
    definition:
      content:
        nonjmetext§: "template:template_key"
      placeholders:
        placeholder1:
          content:
            en: en value of placeholder1
            nl: nl value of placeholder1
          placeholders: {}
        placeholder2:
          content:
            en: en version of placeholder2
            nl: nl version of placeholder2
          placeholders: {}
    language: javascript
    output_type: extension_geogebra_applet
    parameters: "template:template_key"
preamble:
  js: "template:template_key"
  css: "template:template_key"
navigation:
  can_regenerate: "template:template_key"
  show_title_page: "template:template_key"
  confirm_when_leaving: "template:template_key"
extensions:
  chemistry: "template:template_key"
  download_text_file: "template:template_key"
  eukleides: "template:template_key"
  geogebra: "template:template_key"
  graphs: "template:template_key"
  jsx_graph: "template:template_key"
  linear_algebra: "template:template_key"
  linear_codes: "template:template_key"
  optimisation: "template:template_key"
  permutations: "template:template_key"
  polynomials: "template:template_key"
  quantities: "template:template_key"
  random_person: "template:template_key"
  stats: "template:template_key"
  sqlite: "template:template_key"
  text: "template:template_key"
  written_number: "template:template_key"
diagnostic_topic_names: "template:template_key"
resources: "template:template_key"
custom_part_types: ~
rulesets:
  nonjmetext§:
    type: Display
    rules:
      broken_as_fractions: false
      mixed_fractions: false
      flat_fractions: false
      vector_as_row: false
      always_show_multiplication_sign: false
      use_dot_as_multiplication_sign: false
      matrices_without_parentheses: false

