---
source: rumbas/src/question/constants.rs
expression: "&example"

---
e: true
pi: true
i: true

