---
source: rumbas/src/question/mod.rs
expression: "&example"

---
statement:
  content:
    nonjmetext§: "template:template_key"
  placeholders:
    placeholder1:
      content:
        en: en value of placeholder1
        nl: nl value of placeholder1
      placeholders: {}
    placeholder2:
      content:
        en: en version of placeholder2
        nl: nl version of placeholder2
      placeholders: {}
advice:
  content:
    nonjmetext§: "template:template_key"
  placeholders:
    placeholder1:
      content:
        en: en value of placeholder1
        nl: nl value of placeholder1
      placeholders: {}
    placeholder2:
      content:
        en: en version of placeholder2
        nl: nl version of placeholder2
      placeholders: {}
parts: "template:template_key"
builtin_constants: "template:template_key"
custom_constants: "template:template_key"
variables:
  nonjmetext§:
    content:
      nonjmetext§: "template:template_key"
    placeholders:
      placeholder1:
        content:
          en: en value of placeholder1
          nl: nl value of placeholder1
        placeholders: {}
      placeholder2:
        content:
          en: en version of placeholder2
          nl: nl version of placeholder2
        placeholders: {}
variables_test: "template:template_key"
functions:
  nonjmetext§:
    definition: "file:path/to/file"
    language: jme
    output_type: set
    parameters: "template:template_key"
preamble: "template:template_key"
navigation: "template:template_key"
extensions: "template:template_key"
diagnostic_topic_names: "template:template_key"
resources: "template:template_key"
custom_part_types: ~

