---
source: rumbas/src/question/variable.rs
expression: "&example"

---
definition: "template:template_key"
description: "template:template_key"
template_type: list_of_numbers
group: "template:template_key"

