---
source: rumbas/src/question/variable.rs
expression: "&example"

---
- text
- "template:template_key"

