---
source: rumbas/src/exam/mod.rs
expression: "&example"
---
type: normal
name: "template:template_key"
locales: "template:template_key"
navigation:
  allow_printing: ~
  can_regenerate: ~
  confirm_when_leaving: ~
  mode: menu
  show_names_of_question_groups: ~
  show_steps: ~
  show_title_page: ~
  start_password:
    template_key: template_key
    default_value: ~
timing:
  duration_in_seconds: "template:template_key"
  allow_pause: ~
  on_timeout:
    action: warn
    message:
      template_key: template_key
      default_value: ~
  timed_warning:
    action: warn
    message:
      template_key: template_key
      default_value: ~
feedback: ~
question_groups: "template:template_key"
numbas_settings:
  theme: nonjmetextÂ§

